// Jest Snapshot v1, https://goo.gl/fbAQLP


exports[`renders correctly when there are no items 1`] = `
<span
  className="empty-message"
>
  No items in list
</span>
`;
